// Jest Snapshot v1, https://goo.gl/fbAQLP

exports[`Node reducer handles epics - getStatus when node is down 1`] = `
Object {
  "bootstrappingMessage": "",
  "connections": "0",
  "currentBlock": "0",
  "errors": [TypeError: _electron.ipcRenderer.send is not a function],
  "fetchingStatus": Object {
    "currentSlide": 0,
    "fetchingEndTime": Object {
      "hours": null,
      "minutes": null,
      "seconds": null,
    },
    "fetchingSpeed": null,
    "fetchingStatus": "",
    "guideStatus": false,
    "isFetching": false,
    "isRescanningInitialized": false,
    "isRescanningMonitorStarted": false,
    "part": "",
    "rescanningProgress": 0,
    "sizeLeft": 0,
  },
  "isRescanning": false,
  "isTestnet": null,
  "latestBlock": "999999",
  "loading": false,
  "startedAt": null,
  "status": "down",
}
`;

exports[`Node reducer handles epics - getStatus when successfull 1`] = `
Object {
  "bootstrappingMessage": "",
  "connections": "0",
  "currentBlock": "0",
  "errors": [TypeError: _electron.ipcRenderer.send is not a function],
  "fetchingStatus": Object {
    "currentSlide": 0,
    "fetchingEndTime": Object {
      "hours": null,
      "minutes": null,
      "seconds": null,
    },
    "fetchingSpeed": null,
    "fetchingStatus": "",
    "guideStatus": false,
    "isFetching": false,
    "isRescanningInitialized": false,
    "isRescanningMonitorStarted": false,
    "part": "",
    "rescanningProgress": 0,
    "sizeLeft": 0,
  },
  "isRescanning": false,
  "isTestnet": null,
  "latestBlock": "999999",
  "loading": false,
  "startedAt": null,
  "status": "down",
}
`;
