// Jest Snapshot v1, https://goo.gl/fbAQLP

exports[`Operations reducer handles  actions - addTxnTimestamp 1`] = `
Object {
  "123": "1234",
}
`;

exports[`Operations reducer handles  epics - getTnxTimestamps 1`] = `Object {}`;
