// Jest Snapshot v1, https://goo.gl/fbAQLP

exports[`users reducer handles actions - setUsers sets users when empty 1`] = `
Object {
  "__altered": false,
  "__hash": undefined,
  "__ownerID": undefined,
  "_root": ArrayMapNode {
    "entries": Array [
      Array [
        "039ea1be861812ac6e210c96ac54fd2523f6d738a2db460613cc9aa8bd1886607f",
        Object {
          "address": "ztestsapling14dxhlp8ps4qmrslt7pcayv8yuyx78xpkrtfhdhae52rmucgqws2zp0zwf2zu6qxjp96lzapsn4r",
          "createdAt": 1551963828,
          "firstName": "testname",
          "lastName": "testlastname",
          "nickname": "nickname",
          "onionAddress": "",
          "publicKey": undefined,
        },
      ],
      Array [
        "0214dc56ab3467e74b3bc1fed80d08e0146b251caceddc2ad6bfe37caca5fcc2e5",
        Object {
          "address": "ztestsapling14dxhlp8ps4qmrslt7pcayv8yuyx78xpkrtfhdhae52rmucgqws2zp0zwf2zu6qxjp96lzapsn4r",
          "createdAt": 1551963828,
          "firstName": "testname",
          "lastName": "testlastname",
          "nickname": "nickname #2",
          "onionAddress": "",
          "publicKey": undefined,
        },
      ],
      Array [
        "026918cbe1c9ace24ff065006c06b3c6344a5d7203ad42a45ddc7c7a41c6edfcc2",
        Object {
          "address": "ztestsapling14dxhlp8ps4qmrslt7pcayv8yuyx78xpkrtfhdhae52rmucgqws2zp0zwf2zu6qxjp96lzapsn4r",
          "createdAt": 1551963828,
          "firstName": "testname",
          "lastName": "testlastname",
          "nickname": "nickname #3",
          "onionAddress": "",
          "publicKey": undefined,
        },
      ],
    ],
    "ownerID": OwnerID {},
  },
  "size": 3,
}
`;

exports[`users reducer handles actions - setUsers sets users with same usernames 1`] = `
Object {
  "__altered": false,
  "__hash": undefined,
  "__ownerID": undefined,
  "_root": ArrayMapNode {
    "entries": Array [
      Array [
        "039ea1be861812ac6e210c96ac54fd2523f6d738a2db460613cc9aa8bd1886607f",
        Object {
          "address": "ztestsapling14dxhlp8ps4qmrslt7pcayv8yuyx78xpkrtfhdhae52rmucgqws2zp0zwf2zu6qxjp96lzapsn4r",
          "createdAt": 1551963828,
          "firstName": "testname",
          "lastName": "testlastname",
          "nickname": "nickname",
          "onionAddress": "",
          "publicKey": undefined,
        },
      ],
      Array [
        "0214dc56ab3467e74b3bc1fed80d08e0146b251caceddc2ad6bfe37caca5fcc2e5",
        Object {
          "address": "ztestsapling14dxhlp8ps4qmrslt7pcayv8yuyx78xpkrtfhdhae52rmucgqws2zp0zwf2zu6qxjp96lzapsn4r",
          "createdAt": 1551963828,
          "firstName": "testname",
          "lastName": "testlastname",
          "nickname": "nickname #2",
          "onionAddress": "",
          "publicKey": undefined,
        },
      ],
      Array [
        "026918cbe1c9ace24ff065006c06b3c6344a5d7203ad42a45ddc7c7a41c6edfcc2",
        Object {
          "address": "ztestsapling14dxhlp8ps4qmrslt7pcayv8yuyx78xpkrtfhdhae52rmucgqws2zp0zwf2zu6qxjp96lzapsn4r",
          "createdAt": 1551963828,
          "firstName": "testname",
          "lastName": "testlastname",
          "nickname": "nickname #3",
          "onionAddress": "",
          "publicKey": undefined,
        },
      ],
    ],
    "ownerID": OwnerID {},
  },
  "size": 3,
}
`;
