// Jest Snapshot v1, https://goo.gl/fbAQLP

exports[`ErrorModal renders component 1`] = `
<Modal
  addBorder={false}
  alignCloseLeft={false}
  canGoBack={false}
  contentWidth={600}
  handleClose={[MockFunction]}
  isBold={false}
  isCloseDisabled={false}
  open={true}
  title="Error"
>
  <WithStyles(ForwardRef(Grid))
    className="root-mock"
    container={true}
    direction="column"
    justify="flex-start"
    spacing={3}
  >
    <WithStyles(ForwardRef(Grid))
      alignItems="center"
      container={true}
      direction="column"
      item={true}
    >
      <Icon
        className="icon-mock"
        src="test-file-stub"
      />
      <WithStyles(ForwardRef(Typography))
        className="message-mock"
        variant="h3"
      >
        Test error message
      </WithStyles(ForwardRef(Typography))>
    </WithStyles(ForwardRef(Grid))>
    <WithStyles(ForwardRef(Grid))
      container={true}
      direction="column"
      item={true}
      spacing={2}
    >
      <WithStyles(ForwardRef(Grid))
        item={true}
      >
        <WithStyles(ForwardRef(Typography))
          className="info-mock"
          variant="body2"
        >
          You can send us this error traceback to help us improve. Before sending make sure it doesn't contain any private data.
        </WithStyles(ForwardRef(Typography))>
      </WithStyles(ForwardRef(Grid))>
      <WithStyles(ForwardRef(Grid))
        item={true}
      >
        <WithStyles(ForwardRef(TextField))
          InputProps={
            Object {
              "classes": Object {
                "disabled": "cssDisabled-mock",
                "multiline": "stackTrace-mock",
                "root": "textfield-mock",
              },
            }
          }
          disabled={true}
          fullWidth={true}
          id="traceback"
          multiline={true}
          rows={10}
          value="Error: Test error message, error traceback"
          variant="outlined"
        />
      </WithStyles(ForwardRef(Grid))>
      <WithStyles(ForwardRef(Grid))
        alignItems="center"
        container={true}
        item={true}
        justify="center"
      >
        <WithStyles(LoadingButton)
          classes={
            Object {
              "button": "button-mock",
            }
          }
          onClick={[Function]}
          text="Send & restart"
        />
      </WithStyles(ForwardRef(Grid))>
    </WithStyles(ForwardRef(Grid))>
  </WithStyles(ForwardRef(Grid))>
</Modal>
`;
