// Jest Snapshot v1, https://goo.gl/fbAQLP

exports[`PageHeader renders component 1`] = `
<WithStyles(ForwardRef(Grid))
  className="root-mock"
  item={true}
>
  <Content />
</WithStyles(ForwardRef(Grid))>
`;
