// Jest Snapshot v1, https://goo.gl/fbAQLP

exports[`app - allTransfersCount 1`] = `12`;

exports[`app - directMessageQueueLock 1`] = `false`;

exports[`app - isInitialLoadFinished 1`] = `false`;

exports[`app - messageQueueLock 1`] = `false`;

exports[`app - modal tab to open 1`] = `"addFunds"`;

exports[`app - newTransfersCounter 1`] = `2`;

exports[`app - version selector 1`] = `"0.13.37"`;

exports[`app - version transfers 1`] = `Object {}`;
