// Jest Snapshot v1, https://goo.gl/fbAQLP

exports[`invitation - affiliateCode selector 1`] = `true`;

exports[`invitation - amount selector 1`] = `0`;

exports[`invitation - invitation selector 1`] = `
Object {
  "affiliateCode": true,
  "amount": 0,
  "amountZec": 0,
  "generatedInvitation": "",
}
`;
