// Jest Snapshot v1, https://goo.gl/fbAQLP

exports[`modals selectors - modals 1`] = `
Object {
  "testModal": true,
}
`;
