// Jest Snapshot v1, https://goo.gl/fbAQLP

exports[`rates selectors selects tor data 1`] = `
Object {
  "enabled": false,
  "error": null,
  "status": "",
  "url": "",
}
`;

exports[`rates selectors selects torEnabled 1`] = `false`;
