// Jest Snapshot v1, https://goo.gl/fbAQLP

exports[`ShippingSettingsForm renders component 1`] = `
<Formik
  enableReinitialize={false}
  initialValues={
    Object {
      "city": "Fishville",
      "country": "RumbleFish country",
      "firstName": "Rumble",
      "lastName": "Fish",
      "postalCode": "1337-455",
      "region": "Fish Region",
      "street": "RumbleFish street",
    }
  }
  isInitialValid={false}
  onSubmit={[MockFunction]}
  validateOnBlur={true}
  validateOnChange={true}
  validationSchema={
    ObjectSchema {
      "_blacklist": RefSet {
        "list": Set {},
        "refs": Map {},
      },
      "_conditions": Array [],
      "_defaultDefault": [Function],
      "_deps": Array [],
      "_excludedEdges": Array [],
      "_exclusive": Object {},
      "_mutate": undefined,
      "_nodes": Array [
        "postalCode",
        "city",
        "country",
        "region",
        "street",
        "lastName",
        "firstName",
      ],
      "_options": Object {
        "abortEarly": true,
        "recursive": true,
      },
      "_type": "object",
      "_typeError": [Function],
      "_whitelist": RefSet {
        "list": Set {},
        "refs": Map {},
      },
      "fields": Object {
        "city": StringSchema {
          "_blacklist": RefSet {
            "list": Set {},
            "refs": Map {},
          },
          "_conditions": Array [],
          "_deps": Array [],
          "_exclusive": Object {
            "required": true,
          },
          "_mutate": undefined,
          "_options": Object {
            "abortEarly": true,
            "recursive": true,
          },
          "_type": "string",
          "_typeError": [Function],
          "_whitelist": RefSet {
            "list": Set {},
            "refs": Map {},
          },
          "tests": Array [
            [Function],
          ],
          "transforms": Array [
            [Function],
          ],
        },
        "country": StringSchema {
          "_blacklist": RefSet {
            "list": Set {},
            "refs": Map {},
          },
          "_conditions": Array [],
          "_deps": Array [],
          "_exclusive": Object {
            "required": true,
          },
          "_mutate": undefined,
          "_options": Object {
            "abortEarly": true,
            "recursive": true,
          },
          "_type": "string",
          "_typeError": [Function],
          "_whitelist": RefSet {
            "list": Set {
              "Afghanistan",
              "Åland Islands",
              "Albania",
              "Algeria",
              "American Samoa",
              "Andorra",
              "Angola",
              "Anguilla",
              "Antarctica",
              "Antigua and Barbuda",
              "Argentina",
              "Armenia",
              "Aruba",
              "Australia",
              "Austria",
              "Azerbaijan",
              "Bahamas",
              "Bahrain",
              "Bangladesh",
              "Barbados",
              "Belarus",
              "Belgium",
              "Belize",
              "Benin",
              "Bermuda",
              "Bhutan",
              "Bolivia",
              "Bonaire, Sint Eustatius and Saba",
              "Bosnia and Herzegovina",
              "Botswana",
              "Bouvet Island",
              "Brazil",
              "British Indian Ocean Territory",
              "Brunei Darussalam",
              "Bulgaria",
              "Burkina Faso",
              "Burundi",
              "Cambodia",
              "Cameroon",
              "Canada",
              "Cape Verde",
              "Cayman Islands",
              "Central African Republic",
              "Chad",
              "Chile",
              "China",
              "Christmas Island",
              "Cocos (Keeling) Islands",
              "Colombia",
              "Comoros",
              "Congo, Republic of the (Brazzaville)",
              "Congo, the Democratic Republic of the (Kinshasa)",
              "Cook Islands",
              "Costa Rica",
              "Côte d'Ivoire, Republic of",
              "Croatia",
              "Cuba",
              "Curaçao",
              "Cyprus",
              "Czech Republic",
              "Denmark",
              "Djibouti",
              "Dominica",
              "Dominican Republic",
              "Ecuador",
              "Egypt",
              "El Salvador",
              "Equatorial Guinea",
              "Eritrea",
              "Estonia",
              "Ethiopia",
              "Falkland Islands (Islas Malvinas)",
              "Faroe Islands",
              "Fiji",
              "Finland",
              "France",
              "French Guiana",
              "French Polynesia",
              "French Southern and Antarctic Lands",
              "Gabon",
              "Gambia, The",
              "Georgia",
              "Germany",
              "Ghana",
              "Gibraltar",
              "Greece",
              "Greenland",
              "Grenada",
              "Guadeloupe",
              "Guam",
              "Guatemala",
              "Guernsey",
              "Guinea",
              "Guinea-Bissau",
              "Guyana",
              "Haiti",
              "Heard Island and McDonald Islands",
              "Holy See (Vatican City)",
              "Honduras",
              "Hong Kong",
              "Hungary",
              "Iceland",
              "India",
              "Indonesia",
              "Iran, Islamic Republic of",
              "Iraq",
              "Ireland",
              "Isle of Man",
              "Israel",
              "Italy",
              "Jamaica",
              "Japan",
              "Jersey",
              "Jordan",
              "Kazakhstan",
              "Kenya",
              "Kiribati",
              "Korea, Democratic People's Republic of",
              "Korea, Republic of",
              "Kosovo",
              "Kuwait",
              "Kyrgyzstan",
              "Laos",
              "Latvia",
              "Lebanon",
              "Lesotho",
              "Liberia",
              "Libya",
              "Liechtenstein",
              "Lithuania",
              "Luxembourg",
              "Macao",
              "Macedonia, Republic of",
              "Madagascar",
              "Malawi",
              "Malaysia",
              "Maldives",
              "Mali",
              "Malta",
              "Marshall Islands",
              "Martinique",
              "Mauritania",
              "Mauritius",
              "Mayotte",
              "Mexico",
              "Micronesia, Federated States of",
              "Moldova",
              "Monaco",
              "Mongolia",
              "Montenegro",
              "Montserrat",
              "Morocco",
              "Mozambique",
              "Myanmar",
              "Namibia",
              "Nauru",
              "Nepal",
              "Netherlands",
              "New Caledonia",
              "New Zealand",
              "Nicaragua",
              "Niger",
              "Nigeria",
              "Niue",
              "Norfolk Island",
              "Northern Mariana Islands",
              "Norway",
              "Oman",
              "Pakistan",
              "Palau",
              "Palestine, State of",
              "Panama",
              "Papua New Guinea",
              "Paraguay",
              "Peru",
              "Philippines",
              "Pitcairn",
              "Poland",
              "Portugal",
              "Puerto Rico",
              "Qatar",
              "Réunion",
              "Romania",
              "Russian Federation",
              "Rwanda",
              "Saint Barthélemy",
              "Saint Helena, Ascension and Tristan da Cunha",
              "Saint Kitts and Nevis",
              "Saint Lucia",
              "Saint Martin",
              "Saint Pierre and Miquelon",
              "Saint Vincent and the Grenadines",
              "Samoa",
              "San Marino",
              "Sao Tome and Principe",
              "Saudi Arabia",
              "Senegal",
              "Serbia",
              "Seychelles",
              "Sierra Leone",
              "Singapore",
              "Sint Maarten (Dutch part)",
              "Slovakia",
              "Slovenia",
              "Solomon Islands",
              "Somalia",
              "South Africa",
              "South Georgia and South Sandwich Islands",
              "South Sudan",
              "Spain",
              "Sri Lanka",
              "Sudan",
              "Suriname",
              "Swaziland",
              "Sweden",
              "Switzerland",
              "Syrian Arab Republic",
              "Taiwan",
              "Tajikistan",
              "Tanzania, United Republic of",
              "Thailand",
              "Timor-Leste",
              "Togo",
              "Tokelau",
              "Tonga",
              "Trinidad and Tobago",
              "Tunisia",
              "Turkey",
              "Turkmenistan",
              "Turks and Caicos Islands",
              "Tuvalu",
              "Uganda",
              "Ukraine",
              "United Arab Emirates",
              "United Kingdom",
              "United States",
              "United States Minor Outlying Islands",
              "Uruguay",
              "Uzbekistan",
              "Vanuatu",
              "Venezuela, Bolivarian Republic of",
              "Vietnam",
              "Virgin Islands, British",
              "Virgin Islands, U.S.",
              "Wallis and Futuna",
              "Western Sahara",
              "Yemen",
              "Zambia",
              "Zimbabwe",
            },
            "refs": Map {},
          },
          "_whitelistError": [Function],
          "tests": Array [
            [Function],
          ],
          "transforms": Array [
            [Function],
          ],
        },
        "firstName": StringSchema {
          "_blacklist": RefSet {
            "list": Set {},
            "refs": Map {},
          },
          "_conditions": Array [],
          "_deps": Array [],
          "_exclusive": Object {
            "required": true,
          },
          "_mutate": undefined,
          "_options": Object {
            "abortEarly": true,
            "recursive": true,
          },
          "_type": "string",
          "_typeError": [Function],
          "_whitelist": RefSet {
            "list": Set {},
            "refs": Map {},
          },
          "tests": Array [
            [Function],
          ],
          "transforms": Array [
            [Function],
          ],
        },
        "lastName": StringSchema {
          "_blacklist": RefSet {
            "list": Set {},
            "refs": Map {},
          },
          "_conditions": Array [],
          "_deps": Array [],
          "_exclusive": Object {
            "required": true,
          },
          "_mutate": undefined,
          "_options": Object {
            "abortEarly": true,
            "recursive": true,
          },
          "_type": "string",
          "_typeError": [Function],
          "_whitelist": RefSet {
            "list": Set {},
            "refs": Map {},
          },
          "tests": Array [
            [Function],
          ],
          "transforms": Array [
            [Function],
          ],
        },
        "postalCode": StringSchema {
          "_blacklist": RefSet {
            "list": Set {},
            "refs": Map {},
          },
          "_conditions": Array [],
          "_deps": Array [],
          "_exclusive": Object {
            "required": true,
          },
          "_mutate": undefined,
          "_options": Object {
            "abortEarly": true,
            "recursive": true,
          },
          "_type": "string",
          "_typeError": [Function],
          "_whitelist": RefSet {
            "list": Set {},
            "refs": Map {},
          },
          "tests": Array [
            [Function],
          ],
          "transforms": Array [
            [Function],
          ],
        },
        "region": StringSchema {
          "_blacklist": RefSet {
            "list": Set {},
            "refs": Map {},
          },
          "_conditions": Array [
            Condition {
              "fn": [Function],
              "refs": Array [
                Reference {
                  "getter": [Function],
                  "isContext": false,
                  "isSibling": true,
                  "isValue": false,
                  "key": "country",
                  "map": undefined,
                  "path": "country",
                },
              ],
            },
          ],
          "_deps": Array [
            "country",
          ],
          "_exclusive": Object {
            "required": true,
          },
          "_mutate": undefined,
          "_options": Object {
            "abortEarly": true,
            "recursive": true,
          },
          "_type": "string",
          "_typeError": [Function],
          "_whitelist": RefSet {
            "list": Set {},
            "refs": Map {},
          },
          "tests": Array [
            [Function],
          ],
          "transforms": Array [
            [Function],
          ],
        },
        "street": StringSchema {
          "_blacklist": RefSet {
            "list": Set {},
            "refs": Map {},
          },
          "_conditions": Array [],
          "_deps": Array [],
          "_exclusive": Object {
            "required": true,
          },
          "_mutate": undefined,
          "_options": Object {
            "abortEarly": true,
            "recursive": true,
          },
          "_type": "string",
          "_typeError": [Function],
          "_whitelist": RefSet {
            "list": Set {},
            "refs": Map {},
          },
          "tests": Array [
            [Function],
          ],
          "transforms": Array [
            [Function],
          ],
        },
      },
      "tests": Array [],
      "transforms": Array [
        [Function],
      ],
    }
  }
>
  <Component />
</Formik>
`;
