// Jest Snapshot v1, https://goo.gl/fbAQLP

exports[`ChannelInput will receive right props for channel 1`] = `
Object {
  "channelData": Object {
    "keys": Object {},
  },
  "channelId": "this-is-test-channel-id",
  "displayableMessageLimit": 50,
  "isInitialLoadFinished": false,
  "isOwner": false,
  "loader": Object {
    "loading": false,
    "message": "",
  },
  "messages": undefined,
  "messagesLength": 0,
  "network": "testnet",
  "publicChannels": Object {},
  "qMessages": Object {},
  "triggerScroll": false,
  "users": Object {},
}
`;
