// Jest Snapshot v1, https://goo.gl/fbAQLP

exports[`ChannelMessage will receive right props 1`] = `
Object {
  "allowAll": false,
  "autoload": Array [],
  "publicChannels": Array [],
  "users": Object {},
  "whitelisted": Array [],
}
`;
