// Jest Snapshot v1, https://goo.gl/fbAQLP

exports[`ChannelHeader will receive right props 1`] = `
Object {
  "channel": Object {
    "address": "address123",
    "name": "testusername",
  },
  "directMessage": true,
  "isRegisteredUsername": false,
  "mutedFlag": false,
}
`;
