// Jest Snapshot v1, https://goo.gl/fbAQLP

exports[`Send message popover will receive right actions 1`] = `
Object {
  "addModerator": [Function],
}
`;

exports[`Send message popover will receive right props 1`] = `
Object {
  "members": Set {},
  "users": Object {},
}
`;
