// Jest Snapshot v1, https://goo.gl/fbAQLP

exports[`AddDirectMessage renders component 1`] = `
<Fragment>
  <Component
    icon="test-file-stub"
    iconHover="test-file-stub"
    offset="0 8"
  />
</Fragment>
`;
