// Jest Snapshot v1, https://goo.gl/fbAQLP

exports[`ChannelMenuAction renders component 1`] = `
<Memo(WithStyles(MenuAction))
  IconButton={[Function]}
  icon="test-file-stub"
  iconHover="test-file-stub"
  offset="0 8"
>
  <Memo(WithStyles(MenuActionItem))
    onClick={[MockFunction]}
    title="Info & Invites"
  />
  <Memo(WithStyles(MenuActionItem))
    closeAfterAction={false}
    onClick={[Function]}
    title="Remove"
  />
  <span />
  <span />
  <Memo(WithStyles(MenuActionItem))
    onClick={[MockFunction]}
    title="Unmute"
  />
  <Memo(WithStyles(ConfirmModal))
    actionName="Yes"
    cancelName="No"
    handleAction={[MockFunction]}
    handleClose={[Function]}
    open={false}
    title="Are you sure you want to remove this channel?"
  />
</Memo(WithStyles(MenuAction))>
`;
