// Jest Snapshot v1, https://goo.gl/fbAQLP

exports[`JoinChannelModal renders component 1`] = `
<Modal
  addBorder={false}
  alignCloseLeft={false}
  canGoBack={false}
  contentWidth={600}
  fullPage={true}
  handleClose={[Function]}
  isBold={false}
  isCloseDisabled={false}
  open={true}
  title=""
>
  <WithStyles(ForwardRef(Grid))
    className="root-mock"
  >
    <Formik
      enableReinitialize={false}
      isInitialValid={false}
      onSubmit={[Function]}
      validateOnBlur={true}
      validateOnChange={true}
    >
      <Component />
    </Formik>
  </WithStyles(ForwardRef(Grid))>
</Modal>
`;
