// Jest Snapshot v1, https://goo.gl/fbAQLP

exports[`SendMessagePopover renders popover 1`] = `
<WithStyles(ForwardRef(Popover))
  anchorEl={true}
  anchorOrigin={
    Object {
      "horizontal": "center",
      "vertical": "bottom",
    }
  }
  id="simple-popover"
  onClose={[MockFunction]}
  open={true}
  transformOrigin={
    Object {
      "horizontal": "center",
      "vertical": "top",
    }
  }
>
  <Component
    buttonName="Send message"
    handleClose={[MockFunction]}
    main="TestUser"
    onClick={[Function]}
    warning="Unregistered users cannot receive messages."
  >
    <Component
      size="100"
      value="TestUser"
    />
  </Component>
</WithStyles(ForwardRef(Popover))>
`;
