// Jest Snapshot v1, https://goo.gl/fbAQLP

exports[`CreateUsernameModal renders component 1`] = `
<Component
  addBorder={false}
  alignCloseLeft={false}
  canGoBack={false}
  contentWidth={600}
  handleClose={[MockFunction]}
  isBold={false}
  isCloseDisabled={true}
  open={true}
>
  <WithStyles(ForwardRef(Grid))
    className="main-mock"
    container={true}
    direction="column"
  >
    <WithStyles(ForwardRef(Grid))
      className="title-mock"
      item={true}
    >
      <WithStyles(ForwardRef(Typography))
        variant="h3"
      >
        Register a username
      </WithStyles(ForwardRef(Typography))>
    </WithStyles(ForwardRef(Grid))>
    <Formik
      enableReinitialize={false}
      isInitialValid={false}
      onSubmit={[Function]}
      validateOnBlur={true}
      validateOnChange={true}
      validationSchema={[Function]}
    >
      <Component />
    </Formik>
  </WithStyles(ForwardRef(Grid))>
</Component>
`;
