// Jest Snapshot v1, https://goo.gl/fbAQLP

exports[`NodePanelActions renders component 1`] = `
<WithStyles(ForwardRef(Grid))
  container={true}
  justify="flex-end"
>
  <WithStyles(ForwardRef(IconButton))
    onClick={[MockFunction]}
  >
    <Memo(ForwardRef(RefreshIcon)) />
  </WithStyles(ForwardRef(IconButton))>
  <WithStyles(ForwardRef(IconButton))
    onClick={[MockFunction]}
  >
    <Memo(ForwardRef(PowerSettingsNewIcon)) />
  </WithStyles(ForwardRef(IconButton))>
</WithStyles(ForwardRef(Grid))>
`;
