// Jest Snapshot v1, https://goo.gl/fbAQLP

exports[`InvitationModalGenerate renders component 1`] = `
<Memo(WithStyles(InvitationModal))
  title="Invite a friend"
>
  <WithStyles(ForwardRef(Grid))
    className="warrning-mock"
    item={true}
  >
    <WithStyles(ForwardRef(Typography))
      variant="body2"
    >
      Get a link to invite friends to Zbay.
    </WithStyles(ForwardRef(Typography))>
  </WithStyles(ForwardRef(Grid))>
  <WithStyles(ForwardRef(Grid))
    className="buttonDiv-mock"
    item={true}
  >
    <WithStyles(LoadingButton)
      className="button-mock"
      color="primary"
      disabled={[MockFunction]}
      fullWidth={true}
      inProgress={[MockFunction]}
      onClick={[Function]}
      size="large"
      text="Create link"
      type="submit"
      variant="contained"
    />
  </WithStyles(ForwardRef(Grid))>
</Memo(WithStyles(InvitationModal))>
`;
