// Jest Snapshot v1, https://goo.gl/fbAQLP

exports[`TopUpModal renders component with private option 1`] = `
<Modal
  addBorder={false}
  alignCloseLeft={false}
  canGoBack={false}
  contentWidth="100%"
  handleClose={[MockFunction]}
  isBold={false}
  isCloseDisabled={false}
  open={false}
>
  <AutoSizer
    disableHeight={false}
    disableWidth={false}
    onResize={[Function]}
    style={Object {}}
  >
    <Component />
  </AutoSizer>
</Modal>
`;

exports[`TopUpModal renders component with transparent option 1`] = `
<Modal
  addBorder={false}
  alignCloseLeft={false}
  canGoBack={false}
  contentWidth="100%"
  handleClose={[MockFunction]}
  isBold={false}
  isCloseDisabled={false}
  open={false}
>
  <AutoSizer
    disableHeight={false}
    disableWidth={false}
    onResize={[Function]}
    style={Object {}}
  >
    <Component />
  </AutoSizer>
</Modal>
`;
