// Jest Snapshot v1, https://goo.gl/fbAQLP

exports[`WalletPanelActions renders component 1`] = `
<Fragment>
  <WithStyles(ForwardRef(Grid))
    alignItems="center"
    className="root-mock"
    container={true}
    direction="row"
    item={true}
    justify="space-between"
  >
    <Memo(Connect(WithStyles(ZcashBalance))) />
  </WithStyles(ForwardRef(Grid))>
</Fragment>
`;
