// Jest Snapshot v1, https://goo.gl/fbAQLP

exports[`IdentityPanel will receive right props 1`] = `
Object {
  "identity": undefined,
}
`;
