// Jest Snapshot v1, https://goo.gl/fbAQLP

exports[`Notifier will receive right actions 1`] = `
Object {
  "removeSnackbar": [Function],
}
`;

exports[`Notifier will receive right props 1`] = `
Object {
  "notifications": Array [
    Object {
      "key": "test-key",
      "message": "Test message",
      "options": Object {
        "persist": true,
      },
    },
  ],
}
`;
