// Jest Snapshot v1, https://goo.gl/fbAQLP

exports[`AdvertModal renders component AdvertModal 1`] = `
<Component
  addBorder={false}
  alignCloseLeft={true}
  canGoBack={false}
  classes={
    Object {
      "window": "window-mock",
    }
  }
  contentWidth={600}
  fullPage={true}
  handleClose={[MockFunction]}
  isBold={false}
  isCloseDisabled={false}
  open={true}
  title="New Listing"
>
  <AutoSizer
    disableHeight={false}
    disableWidth={false}
    onResize={[Function]}
    style={Object {}}
  >
    <Component />
  </AutoSizer>
</Component>
`;
